[www.jitware.be/index.html]
[backblue.gif]
[fade.gif]
[index.html]
[cdnjs.cloudflare.com/ajax/libs/font-awesome/6.4.0/css/all.min.css]
[www.jitware.be/includes/favicon.png]
[cdn.mouseflow.com/projects/75bea4c3-cd8d-4001-953f-3b3c39462f1f.js]
[www.jitware.be/meer-klanten.html]
[www.jitware.be/blog/index.html]
[www.jitware.be/ai/ai-oplossingen/index.html]
[www.jitware.be/bestanden/performance-dashboard-2.png]
[www.jitware.be/bestanden/klanten/reviews/ann.png]
[www.jitware.be/cases/dakwerken-vandendriessche/homepagina-dakwerken-vandendriessche.png]
[www.jitware.be/tools/index.html]
[www.jitware.be/seo/positie-91-naar-positie-2.html]
[www.jitware.be/bestanden/klanten/dedoncker/dedoncker-website-homepagina.png]
[www.jitware.be/cases/website-seo-de-doncker.html]
[www.jitware.be/bestanden/klanten/otentik/otentik-website-homepagina.png]
[www.jitware.be/ai/prompts/prompt-library.html]
[www.jitware.be/bestanden/jitware/jens-eigenaar-jitware.png]
[www.jitware.be/financien/index.html]
[www.jitware.be/contact.html]
[www.jitware.be/index.html]
[cdnjs.cloudflare.com/ajax/libs/font-awesome/6.4.0/css/all.min.css]
[www.jitware.be/blog/index.html]
[www.jitware.be/meer-klanten.html]
[www.jitware.be/ai/ai-oplossingen/ai-prompt-engineering.html]
[www.jitware.be/ai/ai-oplossingen/ai-automation-oplossingen.html]
[www.jitware.be/ai/ai-oplossingen/generative-ai-oplossingen.html]
[www.jitware.be/ai/ai-oplossingen/index.html]
[www.jitware.be/tools/index.html]
[cdn.jsdelivr.net/npm/chart.js]
[www.jitware.be/seo/afbeeldingen/dakwerken-aalst-positie-2.png]
[www.jitware.be/seo/afbeeldingen/meer-aanvragen-door-seo.png]
[www.jitware.be/seo/afbeeldingen/ranking-stijging-dakwerken.png]
[www.jitware.be/seo/afbeeldingen/begin-seo-positie-en-huidige-positie.png]
[www.jitware.be/seo/positie-91-naar-positie-2.html]
[www.jitware.be/cases/bestanden/oud-design-dedoncker.jpg]
[www.jitware.be/cases/bestanden/nieuw-design-dedoncker.jpg]
[www.jitware.be/cases/bestanden/statistieken-nieuwe-website-stijging.png]
[www.jitware.be/cases/website-seo-de-doncker.html]
[www.jitware.be/ai/prompts/prompt-library.html]
[www.jitware.be/financien/index.html]
[www.jitware.be/contact.html]
[www.jitware.be/www.instagram.com/jitware.html]
[www.jitware.be/ai/ai-oplossingen/includes/favicon.html]
[www.jitware.be/ai/ai-oplossingen/ai-prompt-engineering.html]
[www.jitware.be/ai/ai-oplossingen/ai-automation-oplossingen.html]
[www.jitware.be/ai/ai-oplossingen/generative-ai-oplossingen.html]
[www.jitware.be/tools/includes/favicon.html]
[www.jitware.be/seo/includes/favicon.html]
[www.jitware.be/cases/includes/favicon.html]
[www.jitware.be/ai/prompts/includes/favicon.html]
[www.jitware.be/financien/includes/favicon.html]
